Retrieving project…
Deploying creativesites-projects/zed-ai-academy
Uploading [--------------------] (0.0B/5.3KB)
Uploading [========------------] (2.2KB/5.3KB)
Uploading [====================] (5.3KB/5.3KB)
Inspect: https://vercel.com/creativesites-projects/zed-ai-academy/H5niCikGNjFfHuBhsHdAk9WpGhD1 [10s]
Production: https://zed-ai-academy-pzwr3zqgl-creativesites-projects.vercel.app [10s]
https://zed-ai-academy-pzwr3zqgl-creativesites-projects.vercel.appBuilding...
Building...
Building: Running build in Washington, D.C., USA (East) – iad1
Building: Build machine configuration: 2 cores, 8 GB
Building: Retrieving list of deployment files...
Building: Downloading 1015 deployment files...
Building: Restored build cache from previous deployment (5ZFAU7vgobBuK1xjDxiH732TVAzF)
Building: Running "vercel build"
Building: Vercel CLI 53.3.1
Building: Installing dependencies...
Building: up to date in 2s
Building: 377 packages are looking for funding
Building: run `npm fund` for details
Building: Detected Next.js version: 16.2.4
Building: Running "npm run build"
Building: > zed-ai-academy@0.1.0 build
Building: > next build
Building: Applying modifyConfig from Vercel
Building: ▲ Next.js 16.2.4 (Turbopack)
Building: - Experiments (use with caution):
Building: · serverActions
Building: ⚠ The "middleware" file convention is deprecated. Please use "proxy" instead. Learn more: https://nextjs.org/docs/messages/middleware-to-proxy
Building: Creating an optimized production build ...
Building: ✓ Compiled successfully in 32.9s
Building: Running TypeScript ...
Building: Failed to type check.
Building: ./src/app/(marketing)/launch-your-academy/page.tsx:40:39
Building: Type error: Argument of type 'string | null | undefined' is not assignable to parameter of type 'string'.
Building: Type 'undefined' is not assignable to type 'string'.
Building: 38 |                     .from("company_members")
Building: 39 |                     .select("company_id, companies(slug)")
Building: > 40 |                     .eq("profile_id", userId)
Building: |                                       ^
Building: 41 |                     .eq("status", "active")
Building: 42 |                     .order("joined_at", { ascending: false })
Building: 43 |                     .limit(1)
Building: Next.js build worker exited with code: 1 and signal: null
Building: Error: Command "npm run build" exited with 1
Error: Command "npm run build" exited with 1
