Retrieving project…
Deploying creativesites-projects/zed-ai-academy
Uploading [--------------------] (0.0B/1.1KB)
Uploading [====================] (1.1KB/1.1KB)
Inspect: https://vercel.com/creativesites-projects/zed-ai-academy/FUu9iN93Bah7ttVYVfghrPQQ77St [7s]
Production: https://zed-ai-academy-6t2lxf9wr-creativesites-projects.vercel.app [7s]
https://zed-ai-academy-6t2lxf9wr-creativesites-projects.vercel.appBuilding...
Building...
Building: Running build in Washington, D.C., USA (East) – iad1
Building: Build machine configuration: 2 cores, 8 GB
Building: Retrieving list of deployment files...
Building: Downloading 1014 deployment files...
Building: Restored build cache from previous deployment (5ZFAU7vgobBuK1xjDxiH732TVAzF)
Building: Running "vercel build"
Building: Vercel CLI 53.3.1
Building: Installing dependencies...
Building: up to date in 2s
Building: 377 packages are looking for funding
Building: run `npm fund` for details
Building: Detected Next.js version: 16.2.4
Building: Running "npm run build"
Building: > zed-ai-academy@0.1.0 build
Building: > next build
Building: Applying modifyConfig from Vercel
Building: ▲ Next.js 16.2.4 (Turbopack)
Building: - Experiments (use with caution):
Building: · serverActions
Building: ⚠ The "middleware" file convention is deprecated. Please use "proxy" instead. Learn more: https://nextjs.org/docs/messages/middleware-to-proxy
Building: Creating an optimized production build ...
Building: ✓ Compiled successfully in 33.3s
Building: Running TypeScript ...
Building: Failed to type check.
Building: ./src/app/(marketing)/launch-your-academy/page.tsx:33:25
Building: Type error: Argument of type 'UserRole' is not assignable to parameter of type 'SetStateAction<null>'.
Building: Type '"company_admin"' is not assignable to type 'SetStateAction<null>'.
Building: 31 |
Building: 32 |             if (profile) {
Building: > 33 |                 setRole(profile.role);
Building: |                         ^
Building: 34 |
Building: 35 |                 // Fetch latest active company slug
Building: 36 |                 const { data: membership } = await supabase
Building: Next.js build worker exited with code: 1 and signal: null
Building: Error: Command "npm run build" exited with 1
Error: Command "npm run build" exited with 1
